Info: Starting: Create block symbol file (.bsf)
Info: qsys-generate C:\Users\ASUS\Documents\Quartus\nios_II_led\nios_II_led.qsys --block-symbol-file --output-directory=C:\Users\ASUS\Documents\Quartus\nios_II_led\nios_II_led --family="MAX 10" --part=10M50DAF484C7G
Progress: Loading nios_II_led/nios_II_led.qsys
Progress: Reading input file
Progress: Adding SRAM [altera_avalon_onchip_memory2 18.1]
Progress: Parameterizing module SRAM
Progress: Adding clk_0 [clock_source 18.1]
Progress: Parameterizing module clk_0
Progress: Adding debug [altera_avalon_jtag_uart 18.1]
Progress: Parameterizing module debug
Progress: Adding led [altera_avalon_pio 18.1]
Progress: Parameterizing module led
Progress: Adding nios_led [altera_nios2_gen2 18.1]
Progress: Parameterizing module nios_led
Progress: Building connections
Progress: Parameterizing connections
Progress: Validating
Progress: Done reading input file
Info: nios_II_led.debug: JTAG UART IP input clock need to be at least double (2x) the operating frequency of JTAG TCK on board
Info: qsys-generate succeeded.
Info: Finished: Create block symbol file (.bsf)
Info: 
Info: Starting: Create HDL design files for synthesis
Info: qsys-generate C:\Users\ASUS\Documents\Quartus\nios_II_led\nios_II_led.qsys --synthesis=VERILOG --output-directory=C:\Users\ASUS\Documents\Quartus\nios_II_led\nios_II_led\synthesis --family="MAX 10" --part=10M50DAF484C7G
Progress: Loading nios_II_led/nios_II_led.qsys
Progress: Reading input file
Progress: Adding SRAM [altera_avalon_onchip_memory2 18.1]
Progress: Parameterizing module SRAM
Progress: Adding clk_0 [clock_source 18.1]
Progress: Parameterizing module clk_0
Progress: Adding debug [altera_avalon_jtag_uart 18.1]
Progress: Parameterizing module debug
Progress: Adding led [altera_avalon_pio 18.1]
Progress: Parameterizing module led
Progress: Adding nios_led [altera_nios2_gen2 18.1]
Progress: Parameterizing module nios_led
Progress: Building connections
Progress: Parameterizing connections
Progress: Validating
Progress: Done reading input file
Info: nios_II_led.debug: JTAG UART IP input clock need to be at least double (2x) the operating frequency of JTAG TCK on board
Info: nios_II_led: Generating nios_II_led "nios_II_led" for QUARTUS_SYNTH
Info: SRAM: Starting RTL generation for module 'nios_II_led_SRAM'
Info: SRAM:   Generation command is [exec C:/intelfpga_lite/18.1/quartus/bin64/perl/bin/perl.exe -I C:/intelfpga_lite/18.1/quartus/bin64/perl/lib -I C:/intelfpga_lite/18.1/quartus/sopc_builder/bin/europa -I C:/intelfpga_lite/18.1/quartus/sopc_builder/bin/perl_lib -I C:/intelfpga_lite/18.1/quartus/sopc_builder/bin -I C:/intelfpga_lite/18.1/quartus/../ip/altera/sopc_builder_ip/common -I C:/intelfpga_lite/18.1/quartus/../ip/altera/sopc_builder_ip/altera_avalon_onchip_memory2 -- C:/intelfpga_lite/18.1/quartus/../ip/altera/sopc_builder_ip/altera_avalon_onchip_memory2/generate_rtl.pl --name=nios_II_led_SRAM --dir=C:/Users/ASUS/AppData/Local/Temp/alt0724_4623669389468961024.dir/0002_SRAM_gen/ --quartus_dir=C:/intelfpga_lite/18.1/quartus --verilog --config=C:/Users/ASUS/AppData/Local/Temp/alt0724_4623669389468961024.dir/0002_SRAM_gen//nios_II_led_SRAM_component_configuration.pl  --do_build_sim=0  ]
Info: SRAM: Done RTL generation for module 'nios_II_led_SRAM'
Info: SRAM: "nios_II_led" instantiated altera_avalon_onchip_memory2 "SRAM"
Info: debug: Starting RTL generation for module 'nios_II_led_debug'
Info: debug:   Generation command is [exec C:/intelfpga_lite/18.1/quartus/bin64/perl/bin/perl.exe -I C:/intelfpga_lite/18.1/quartus/bin64/perl/lib -I C:/intelfpga_lite/18.1/quartus/sopc_builder/bin/europa -I C:/intelfpga_lite/18.1/quartus/sopc_builder/bin/perl_lib -I C:/intelfpga_lite/18.1/quartus/sopc_builder/bin -I C:/intelfpga_lite/18.1/quartus/../ip/altera/sopc_builder_ip/common -I C:/intelfpga_lite/18.1/quartus/../ip/altera/sopc_builder_ip/altera_avalon_jtag_uart -- C:/intelfpga_lite/18.1/quartus/../ip/altera/sopc_builder_ip/altera_avalon_jtag_uart/generate_rtl.pl --name=nios_II_led_debug --dir=C:/Users/ASUS/AppData/Local/Temp/alt0724_4623669389468961024.dir/0003_debug_gen/ --quartus_dir=C:/intelfpga_lite/18.1/quartus --verilog --config=C:/Users/ASUS/AppData/Local/Temp/alt0724_4623669389468961024.dir/0003_debug_gen//nios_II_led_debug_component_configuration.pl  --do_build_sim=0  ]
Info: debug: Done RTL generation for module 'nios_II_led_debug'
Info: debug: "nios_II_led" instantiated altera_avalon_jtag_uart "debug"
Info: led: Starting RTL generation for module 'nios_II_led_led'
Info: led:   Generation command is [exec C:/intelfpga_lite/18.1/quartus/bin64/perl/bin/perl.exe -I C:/intelfpga_lite/18.1/quartus/bin64/perl/lib -I C:/intelfpga_lite/18.1/quartus/sopc_builder/bin/europa -I C:/intelfpga_lite/18.1/quartus/sopc_builder/bin/perl_lib -I C:/intelfpga_lite/18.1/quartus/sopc_builder/bin -I C:/intelfpga_lite/18.1/quartus/../ip/altera/sopc_builder_ip/common -I C:/intelfpga_lite/18.1/quartus/../ip/altera/sopc_builder_ip/altera_avalon_pio -- C:/intelfpga_lite/18.1/quartus/../ip/altera/sopc_builder_ip/altera_avalon_pio/generate_rtl.pl --name=nios_II_led_led --dir=C:/Users/ASUS/AppData/Local/Temp/alt0724_4623669389468961024.dir/0004_led_gen/ --quartus_dir=C:/intelfpga_lite/18.1/quartus --verilog --config=C:/Users/ASUS/AppData/Local/Temp/alt0724_4623669389468961024.dir/0004_led_gen//nios_II_led_led_component_configuration.pl  --do_build_sim=0  ]
Info: led: Done RTL generation for module 'nios_II_led_led'
Info: led: "nios_II_led" instantiated altera_avalon_pio "led"
Info: nios_led: "nios_II_led" instantiated altera_nios2_gen2 "nios_led"
Info: avalon_st_adapter: Inserting error_adapter: error_adapter_0
Info: avalon_st_adapter_001: Inserting error_adapter: error_adapter_0
Info: avalon_st_adapter_002: Inserting error_adapter: error_adapter_0
Info: avalon_st_adapter_003: Inserting error_adapter: error_adapter_0
Info: mm_interconnect_0: "nios_II_led" instantiated altera_mm_interconnect "mm_interconnect_0"
Info: irq_mapper: "nios_II_led" instantiated altera_irq_mapper "irq_mapper"
Info: rst_controller: "nios_II_led" instantiated altera_reset_controller "rst_controller"
Info: cpu: Starting RTL generation for module 'nios_II_led_nios_led_cpu'
Info: cpu:   Generation command is [exec C:/intelFPGA_lite/18.1/quartus/bin64//eperlcmd.exe -I C:/intelFPGA_lite/18.1/quartus/bin64//perl/lib -I C:/intelfpga_lite/18.1/quartus/sopc_builder/bin/europa -I C:/intelfpga_lite/18.1/quartus/sopc_builder/bin/perl_lib -I C:/intelfpga_lite/18.1/quartus/sopc_builder/bin -I C:/intelfpga_lite/18.1/quartus/../ip/altera/nios2_ip/altera_nios2_gen2/cpu_lib -I C:/intelfpga_lite/18.1/quartus/../ip/altera/nios2_ip/altera_nios2_gen2/nios_lib -I C:/intelfpga_lite/18.1/quartus/../ip/altera/nios2_ip/altera_nios2_gen2 -I C:/intelfpga_lite/18.1/quartus/../ip/altera/nios2_ip/altera_nios2_gen2 -- C:/intelfpga_lite/18.1/quartus/../ip/altera/nios2_ip/altera_nios2_gen2/generate_rtl.epl --name=nios_II_led_nios_led_cpu --dir=C:/Users/ASUS/AppData/Local/Temp/alt0724_4623669389468961024.dir/0007_cpu_gen/ --quartus_bindir=C:/intelFPGA_lite/18.1/quartus/bin64/ --verilog --config=C:/Users/ASUS/AppData/Local/Temp/alt0724_4623669389468961024.dir/0007_cpu_gen//nios_II_led_nios_led_cpu_processor_configuration.pl  --do_build_sim=0  ]
Info: cpu: # 2026.09.28 12:55:36 (*) Starting Nios II generation
Info: cpu: # 2026.09.28 12:55:36 (*)   Checking for plaintext license.
Info: cpu: # 2026.09.28 12:55:37 (*)   Couldn't query license setup in Quartus directory C:/intelFPGA_lite/18.1/quartus/bin64/
Info: cpu: # 2026.09.28 12:55:37 (*)   Defaulting to contents of LM_LICENSE_FILE environment variable
Info: cpu: # 2026.09.28 12:55:37 (*)   LM_LICENSE_FILE environment variable is empty
Info: cpu: # 2026.09.28 12:55:37 (*)   Plaintext license not found.
Info: cpu: # 2026.09.28 12:55:37 (*)   Checking for encrypted license (non-evaluation).
Info: cpu: # 2026.09.28 12:55:37 (*)   Couldn't query license setup in Quartus directory C:/intelFPGA_lite/18.1/quartus/bin64/
Info: cpu: # 2026.09.28 12:55:37 (*)   Defaulting to contents of LM_LICENSE_FILE environment variable
Info: cpu: # 2026.09.28 12:55:37 (*)   LM_LICENSE_FILE environment variable is empty
Info: cpu: # 2026.09.28 12:55:37 (*)   Encrypted license not found.  Defaulting to OCP evaluation license (produces a time-limited SOF)
Info: cpu: # 2026.09.28 12:55:37 (*)   Elaborating CPU configuration settings
Info: cpu: # 2026.09.28 12:55:37 (*)   Creating all objects for CPU
Info: cpu: # 2026.09.28 12:55:37 (*)     Testbench
Info: cpu: # 2026.09.28 12:55:37 (*)     Instruction decoding
Info: cpu: # 2026.09.28 12:55:37 (*)       Instruction fields
Info: cpu: # 2026.09.28 12:55:37 (*)       Instruction decodes
Info: cpu: # 2026.09.28 12:55:37 (*)       Signals for RTL simulation waveforms
Info: cpu: # 2026.09.28 12:55:37 (*)       Instruction controls
Info: cpu: # 2026.09.28 12:55:37 (*)     Pipeline frontend
Info: cpu: # 2026.09.28 12:55:37 (*)     Pipeline backend
Info: cpu: # 2026.09.28 12:55:38 (*)   Generating RTL from CPU objects
Info: cpu: # 2026.09.28 12:55:39 (*)   Creating encrypted RTL
Info: cpu: # 2026.09.28 12:55:39 (*) Done Nios II generation
Info: cpu: Done RTL generation for module 'nios_II_led_nios_led_cpu'
Info: cpu: "nios_led" instantiated altera_nios2_gen2_unit "cpu"
Info: nios_led_data_master_translator: "mm_interconnect_0" instantiated altera_merlin_master_translator "nios_led_data_master_translator"
Info: debug_avalon_jtag_slave_translator: "mm_interconnect_0" instantiated altera_merlin_slave_translator "debug_avalon_jtag_slave_translator"
Info: nios_led_data_master_agent: "mm_interconnect_0" instantiated altera_merlin_master_agent "nios_led_data_master_agent"
Info: debug_avalon_jtag_slave_agent: "mm_interconnect_0" instantiated altera_merlin_slave_agent "debug_avalon_jtag_slave_agent"
Info: debug_avalon_jtag_slave_agent_rsp_fifo: "mm_interconnect_0" instantiated altera_avalon_sc_fifo "debug_avalon_jtag_slave_agent_rsp_fifo"
Info: router: "mm_interconnect_0" instantiated altera_merlin_router "router"
Info: router_001: "mm_interconnect_0" instantiated altera_merlin_router "router_001"
Info: router_002: "mm_interconnect_0" instantiated altera_merlin_router "router_002"
Info: router_003: "mm_interconnect_0" instantiated altera_merlin_router "router_003"
Info: nios_led_data_master_limiter: "mm_interconnect_0" instantiated altera_merlin_traffic_limiter "nios_led_data_master_limiter"
Info: Reusing file C:/Users/ASUS/Documents/Quartus/nios_II_led/nios_II_led/synthesis/submodules/altera_avalon_sc_fifo.v
Info: cmd_demux: "mm_interconnect_0" instantiated altera_merlin_demultiplexer "cmd_demux"
Info: cmd_demux_001: "mm_interconnect_0" instantiated altera_merlin_demultiplexer "cmd_demux_001"
Info: cmd_mux: "mm_interconnect_0" instantiated altera_merlin_multiplexer "cmd_mux"
Info: cmd_mux_001: "mm_interconnect_0" instantiated altera_merlin_multiplexer "cmd_mux_001"
Info: Reusing file C:/Users/ASUS/Documents/Quartus/nios_II_led/nios_II_led/synthesis/submodules/altera_merlin_arbitrator.sv
Info: rsp_demux: "mm_interconnect_0" instantiated altera_merlin_demultiplexer "rsp_demux"
Info: rsp_demux_001: "mm_interconnect_0" instantiated altera_merlin_demultiplexer "rsp_demux_001"
Info: rsp_mux: "mm_interconnect_0" instantiated altera_merlin_multiplexer "rsp_mux"
Info: Reusing file C:/Users/ASUS/Documents/Quartus/nios_II_led/nios_II_led/synthesis/submodules/altera_merlin_arbitrator.sv
Info: rsp_mux_001: "mm_interconnect_0" instantiated altera_merlin_multiplexer "rsp_mux_001"
Info: Reusing file C:/Users/ASUS/Documents/Quartus/nios_II_led/nios_II_led/synthesis/submodules/altera_merlin_arbitrator.sv
Info: avalon_st_adapter: "mm_interconnect_0" instantiated altera_avalon_st_adapter "avalon_st_adapter"
Info: error_adapter_0: "avalon_st_adapter" instantiated error_adapter "error_adapter_0"
Info: nios_II_led: Done "nios_II_led" with 29 modules, 49 files
Info: qsys-generate succeeded.
Info: Finished: Create HDL design files for synthesis
